INFO - Application started
INFO - User login successful
INFO - User profile loaded
WARNING - Memory usage high
INFO - Database connection established
ERROR - Database connection failed
INFO - Database connection retry started
INFO - Retry successful
INFO - User logout successful
WARNING - Disk space running low
ERROR - Payment service unavailable
INFO - Payment service retry started
INFO - Payment processed successfully
INFO - New user registered
WARNING - API response time high
ERROR - API request failed
INFO - API request retry successful
INFO - Session created
INFO - User login successful
WARNING - CPU usage high
ERROR - Authentication service failed
INFO - Authentication retry successful
INFO - User dashboard loaded
INFO - Report generated
WARNING - Report generation slow
ERROR - Email service unavailable
INFO - Email service retry started
INFO - Email sent successfully
INFO - User logout successful
WARNING - Database query slow
ERROR - Database query timeout
INFO - Database query retry successful
INFO - Application backup started
INFO - Application backup completed
WARNING - Backup storage almost full
ERROR - File upload failed
INFO - File upload retry successful
INFO - Application health check completed
ERROR - External API unavailable
INFO - External API connection restored
