[2026-08-25 18:36:29,486] 9 root - INFO - Starting the payroll system.
[2026-08-25 18:36:31,184] 21 root - INFO - User selected option: 1
[2026-08-25 18:36:50,365] 4 root - INFO - Adding employee: 105, Virat Kolhi, Sports, 18000
[2026-08-25 18:36:50,366] 8 root - INFO - Employee added successfully.
[2026-08-25 18:36:55,437] 21 root - INFO - User selected option: 2
[2026-08-25 18:36:55,437] 17 root - INFO - Retrieving all employees.
[2026-08-25 18:36:55,437] 29 root - INFO - Employees retrieved successfully.
[2026-08-25 18:37:00,090] 21 root - INFO - User selected option: 3
[2026-08-25 18:37:05,426] 40 root - INFO - Searching for employee with ID: 105
[2026-08-25 18:37:05,428] 54 root - INFO - Employee with ID 105 not found in this line.
[2026-08-25 18:38:37,087] 21 root - INFO - User selected option: 3
[2026-08-25 18:38:38,508] 40 root - INFO - Searching for employee with ID: 104
[2026-08-25 18:38:38,508] 54 root - INFO - Employee with ID 104 not found in this line.
[2026-08-25 18:38:44,284] 21 root - INFO - User selected option: 3
[2026-08-25 18:38:45,409] 40 root - INFO - Searching for employee with ID: 101
[2026-08-25 18:38:45,421] 46 root - INFO - Employee found.
[2026-08-25 18:39:39,346] 40 root - INFO - Searching for employee with ID: 104
[2026-08-25 18:39:39,349] 46 root - INFO - Employee found.
[2026-08-25 18:39:39,349] 40 root - INFO - Searching for employee with ID: 105
[2026-08-25 18:39:39,349] 46 root - INFO - Employee found.
[2026-08-25 18:39:39,349] 40 root - INFO - Searching for employee with ID: 999
[2026-08-25 18:39:39,349] 53 root - INFO - Employee with ID 999 not found.
[2026-08-25 18:40:23,047] 21 root - INFO - User selected option: 5
[2026-08-25 18:40:23,047] 57 root - INFO - Exiting the payroll system.
[2026-08-25 18:40:33,350] 9 root - INFO - Starting the payroll system.
[2026-08-25 18:40:39,137] 21 root - INFO - User selected option: 3
[2026-08-25 18:40:41,690] 40 root - INFO - Searching for employee with ID: 105
[2026-08-25 18:40:41,690] 46 root - INFO - Employee found.
[2026-08-25 18:41:01,972] 21 root - INFO - User selected option: 4
[2026-08-25 18:41:08,423] 8 root - INFO - Generating payslip for employee id: 101
[2026-08-25 18:41:08,423] 40 root - INFO - Searching for employee with ID: 101
[2026-08-25 18:41:08,423] 46 root - INFO - Employee found.
[2026-08-25 18:41:08,423] 15 root - INFO - Employee found: {'id': 101, 'name': 'Vineet Patel', 'department': 'AI', 'salary': 50000.0}
[2026-08-25 18:41:08,423] 28 root - INFO - Calculating final salary for salary: 50000.0, bonus percentage: 10.0
[2026-08-25 18:41:08,423] 5 root - INFO - Calculating bonus for salary: 50000.0 with bonus percentage: 10.0
[2026-08-25 18:41:08,423] 8 root - INFO - Calculated bonus: 5000.0
[2026-08-25 18:41:08,423] 16 root - INFO - Calculating gross salary for salary: 50000.0 with bonus: 5000.0
[2026-08-25 18:41:08,423] 19 root - INFO - Calculated gross salary: 55000.0
[2026-08-25 18:41:08,423] 5 root - INFO - Calculating tax for salary: 55000.0
[2026-08-25 18:41:08,423] 15 root - INFO - Calculated tax: 8500.0
[2026-08-25 18:41:08,423] 34 root - INFO - Calculated final salary: 46500.0
[2026-08-25 18:41:08,427] 21 root - INFO - Payslip written to payroll.csv successfully.
[2026-08-25 18:41:08,427] 32 root - INFO - Payslip generated successfully.
[2026-08-25 18:41:11,731] 21 root - INFO - User selected option: 4
[2026-08-25 18:41:13,233] 8 root - INFO - Generating payslip for employee id: 102
[2026-08-25 18:41:13,234] 40 root - INFO - Searching for employee with ID: 102
[2026-08-25 18:41:13,234] 46 root - INFO - Employee found.
[2026-08-25 18:41:13,234] 15 root - INFO - Employee found: {'id': 102, 'name': 'Rahul Sharma', 'department': 'HR', 'salary': 45000.0}
[2026-08-25 18:41:13,234] 28 root - INFO - Calculating final salary for salary: 45000.0, bonus percentage: 10.0
[2026-08-25 18:41:13,234] 5 root - INFO - Calculating bonus for salary: 45000.0 with bonus percentage: 10.0
[2026-08-25 18:41:13,234] 8 root - INFO - Calculated bonus: 4500.0
[2026-08-25 18:41:13,234] 16 root - INFO - Calculating gross salary for salary: 45000.0 with bonus: 4500.0
[2026-08-25 18:41:13,235] 19 root - INFO - Calculated gross salary: 49500.0
[2026-08-25 18:41:13,235] 5 root - INFO - Calculating tax for salary: 49500.0
[2026-08-25 18:41:13,235] 15 root - INFO - Calculated tax: 6900.0
[2026-08-25 18:41:13,235] 34 root - INFO - Calculated final salary: 42600.0
[2026-08-25 18:41:13,235] 21 root - INFO - Payslip written to payroll.csv successfully.
[2026-08-25 18:41:13,235] 32 root - INFO - Payslip generated successfully.
[2026-08-25 18:41:14,468] 21 root - INFO - User selected option: 4
[2026-08-25 18:41:16,625] 8 root - INFO - Generating payslip for employee id: 103
[2026-08-25 18:41:16,625] 40 root - INFO - Searching for employee with ID: 103
[2026-08-25 18:41:16,625] 46 root - INFO - Employee found.
[2026-08-25 18:41:16,625] 15 root - INFO - Employee found: {'id': 103, 'name': 'Priya Shah', 'department': 'Finance', 'salary': 60000.0}
[2026-08-25 18:41:16,625] 28 root - INFO - Calculating final salary for salary: 60000.0, bonus percentage: 10.0
[2026-08-25 18:41:16,625] 5 root - INFO - Calculating bonus for salary: 60000.0 with bonus percentage: 10.0
[2026-08-25 18:41:16,625] 8 root - INFO - Calculated bonus: 6000.0
[2026-08-25 18:41:16,625] 16 root - INFO - Calculating gross salary for salary: 60000.0 with bonus: 6000.0
[2026-08-25 18:41:16,629] 19 root - INFO - Calculated gross salary: 66000.0
[2026-08-25 18:41:16,629] 5 root - INFO - Calculating tax for salary: 66000.0
[2026-08-25 18:41:16,629] 15 root - INFO - Calculated tax: 11800.0
[2026-08-25 18:41:16,629] 34 root - INFO - Calculated final salary: 54200.0
[2026-08-25 18:41:16,629] 21 root - INFO - Payslip written to payroll.csv successfully.
[2026-08-25 18:41:16,629] 32 root - INFO - Payslip generated successfully.
[2026-08-25 18:41:20,275] 21 root - INFO - User selected option: 4
[2026-08-25 18:41:21,821] 8 root - INFO - Generating payslip for employee id: 104
[2026-08-25 18:41:21,821] 40 root - INFO - Searching for employee with ID: 104
[2026-08-25 18:41:21,821] 46 root - INFO - Employee found.
[2026-08-25 18:41:21,821] 15 root - INFO - Employee found: {'id': 104, 'name': 'Rohit Sharma', 'department': 'Sports', 'salary': 45000.0}
[2026-08-25 18:41:21,821] 28 root - INFO - Calculating final salary for salary: 45000.0, bonus percentage: 10.0
[2026-08-25 18:41:21,821] 5 root - INFO - Calculating bonus for salary: 45000.0 with bonus percentage: 10.0
[2026-08-25 18:41:21,821] 8 root - INFO - Calculated bonus: 4500.0
[2026-08-25 18:41:21,821] 16 root - INFO - Calculating gross salary for salary: 45000.0 with bonus: 4500.0
[2026-08-25 18:41:21,821] 19 root - INFO - Calculated gross salary: 49500.0
[2026-08-25 18:41:21,821] 5 root - INFO - Calculating tax for salary: 49500.0
[2026-08-25 18:41:21,821] 15 root - INFO - Calculated tax: 6900.0
[2026-08-25 18:41:21,821] 34 root - INFO - Calculated final salary: 42600.0
[2026-08-25 18:41:21,823] 21 root - INFO - Payslip written to payroll.csv successfully.
[2026-08-25 18:41:21,823] 32 root - INFO - Payslip generated successfully.
[2026-08-25 18:41:23,355] 21 root - INFO - User selected option: 4
[2026-08-25 18:41:25,035] 8 root - INFO - Generating payslip for employee id: 105
[2026-08-25 18:41:25,035] 40 root - INFO - Searching for employee with ID: 105
[2026-08-25 18:41:25,035] 46 root - INFO - Employee found.
[2026-08-25 18:41:25,035] 15 root - INFO - Employee found: {'id': 105, 'name': 'Virat Kolhi', 'department': 'Sports', 'salary': 18000.0}
[2026-08-25 18:41:25,035] 28 root - INFO - Calculating final salary for salary: 18000.0, bonus percentage: 10.0
[2026-08-25 18:41:25,035] 5 root - INFO - Calculating bonus for salary: 18000.0 with bonus percentage: 10.0
[2026-08-25 18:41:25,035] 8 root - INFO - Calculated bonus: 1800.0
[2026-08-25 18:41:25,035] 16 root - INFO - Calculating gross salary for salary: 18000.0 with bonus: 1800.0
[2026-08-25 18:41:25,035] 19 root - INFO - Calculated gross salary: 19800.0
[2026-08-25 18:41:25,035] 5 root - INFO - Calculating tax for salary: 19800.0
[2026-08-25 18:41:25,035] 15 root - INFO - Calculated tax: 980.0
[2026-08-25 18:41:25,035] 34 root - INFO - Calculated final salary: 18820.0
[2026-08-25 18:41:25,041] 21 root - INFO - Payslip written to payroll.csv successfully.
[2026-08-25 18:41:25,041] 32 root - INFO - Payslip generated successfully.
[2026-08-25 18:41:27,572] 21 root - INFO - User selected option: 5
[2026-08-25 18:41:27,572] 57 root - INFO - Exiting the payroll system.
